INFO: [VRFC 10-2263] Analyzing SystemVerilog file "F:/Users/22563/Desktop/FPGAlearn/requantize_int8_rtl/requantize_int8_rtl.srcs/sources_1/new/int8_attn_v.sv" into library xil_defaultlib
INFO: [VRFC 10-311] analyzing module int8_attn_v
INFO: [VRFC 10-2263] Analyzing SystemVerilog file "F:/Users/22563/Desktop/FPGAlearn/requantize_int8_rtl/requantize_int8_rtl.srcs/sources_1/new/int8_dot_product_parallel.sv" into library xil_defaultlib
INFO: [VRFC 10-311] analyzing module int8_dot_product_parallel
INFO: [VRFC 10-2263] Analyzing SystemVerilog file "F:/Users/22563/Desktop/FPGAlearn/requantize_int8_rtl/requantize_int8_rtl.srcs/sources_1/new/int8_elem_mul.sv" into library xil_defaultlib
INFO: [VRFC 10-311] analyzing module int8_elem_mul
INFO: [VRFC 10-2263] Analyzing SystemVerilog file "F:/Users/22563/Desktop/FPGAlearn/requantize_int8_rtl/requantize_int8_rtl.srcs/sources_1/new/int8_gemm_parallel.sv" into library xil_defaultlib
INFO: [VRFC 10-311] analyzing module int8_gemm_parallel
INFO: [VRFC 10-2263] Analyzing SystemVerilog file "F:/Users/22563/Desktop/FPGAlearn/requantize_int8_rtl/requantize_int8_rtl.srcs/sources_1/new/int8_linear_tiled.sv" into library xil_defaultlib
INFO: [VRFC 10-311] analyzing module int8_linear_tiled
INFO: [VRFC 10-2263] Analyzing SystemVerilog file "F:/Users/22563/Desktop/FPGAlearn/requantize_int8_rtl/requantize_int8_rtl.srcs/sources_1/new/int8_residual_add.sv" into library xil_defaultlib
INFO: [VRFC 10-311] analyzing module int8_residual_add
INFO: [VRFC 10-2263] Analyzing SystemVerilog file "F:/Users/22563/Desktop/FPGAlearn/requantize_int8_rtl/requantize_int8_rtl.srcs/sources_1/new/int8_score_gemm.sv" into library xil_defaultlib
INFO: [VRFC 10-311] analyzing module int8_score_gemm
INFO: [VRFC 10-2263] Analyzing SystemVerilog file "F:/Users/22563/Desktop/FPGAlearn/requantize_int8_rtl/requantize_int8_rtl.srcs/sources_1/new/int8_silu_lut.sv" into library xil_defaultlib
INFO: [VRFC 10-311] analyzing module int8_silu_lut
INFO: [VRFC 10-2263] Analyzing SystemVerilog file "F:/Users/22563/Desktop/FPGAlearn/requantize_int8_rtl/requantize_int8_rtl.srcs/sources_1/new/int8_softmax_causal.sv" into library xil_defaultlib
INFO: [VRFC 10-311] analyzing module int8_softmax_causal
INFO: [VRFC 10-2263] Analyzing SystemVerilog file "F:/Users/22563/Desktop/FPGAlearn/requantize_int8_rtl/requantize_int8_rtl.srcs/sources_1/new/int8_transformer_block.sv" into library xil_defaultlib
INFO: [VRFC 10-311] analyzing module int8_transformer_block
INFO: [VRFC 10-2263] Analyzing SystemVerilog file "F:/Users/22563/Desktop/FPGAlearn/requantize_int8_rtl/requantize_int8_rtl.srcs/sources_1/new/int8_weight_loader.sv" into library xil_defaultlib
INFO: [VRFC 10-311] analyzing module int8_weight_loader
INFO: [VRFC 10-2263] Analyzing SystemVerilog file "F:/Users/22563/Desktop/FPGAlearn/requantize_int8_rtl/requantize_int8_rtl.srcs/sources_1/new/requantize_int8_pipeline.sv" into library xil_defaultlib
INFO: [VRFC 10-311] analyzing module requantize_int8_pipeline
INFO: [VRFC 10-2263] Analyzing SystemVerilog file "F:/Users/22563/Desktop/FPGAlearn/requantize_int8_rtl/requantize_int8_rtl.srcs/sim_1/new/tb_int8_transformer_block.sv" into library xil_defaultlib
INFO: [VRFC 10-311] analyzing module tb_int8_transformer_block
INFO: [VRFC 10-2263] Analyzing Verilog file "F:/Users/22563/Desktop/FPGAlearn/requantize_int8_rtl/requantize_int8_rtl.sim/sim_1/behav/xsim/glbl.v" into library xil_defaultlib
INFO: [VRFC 10-311] analyzing module glbl
