Copyright 1986-2022 Xilinx, Inc. All Rights Reserved. Copyright 2022-2026 Advanced Micro Devices, Inc. All Rights Reserved.
---------------------------------------------------------------------------------------------------------------------------------------------------------------------------------
| Tool Version : Vivado v.2026.1 (win64) Build 6511674 Tue Jun 16 11:02:23 MDT 2026
| Date         : Wed Aug 26 13:39:18 2026
| Host         : lisen running 64-bit major release  (build 9200)
| Command      : report_bus_skew -warn_on_violation -file int8_gemm_serial_bus_skew_routed.rpt -pb int8_gemm_serial_bus_skew_routed.pb -rpx int8_gemm_serial_bus_skew_routed.rpx
| Design       : int8_gemm_serial
| Device       : 7z020-clg484
| Speed File   : -1  PRODUCTION 1.12 2019-11-22
| Design State : Routed
---------------------------------------------------------------------------------------------------------------------------------------------------------------------------------

Bus Skew Report

No bus skew constraints

