Copyright 1986-2022 Xilinx, Inc. All Rights Reserved. Copyright 2022-2026 Advanced Micro Devices, Inc. All Rights Reserved.
---------------------------------------------------------------------------------------------------------------------------------------------
| Tool Version : Vivado v.2026.1 (win64) Build 6511674 Tue Jun 16 11:02:23 MDT 2026
| Date         : Wed Aug 26 13:38:54 2026
| Host         : lisen running 64-bit major release  (build 9200)
| Command      : report_control_sets -verbose -file int8_gemm_serial_control_sets_placed.rpt
| Design       : int8_gemm_serial
| Device       : xc7z020
---------------------------------------------------------------------------------------------------------------------------------------------

Control Set Information

Table of Contents
-----------------
1. Summary
2. Histogram
3. Flip-Flop Distribution
4. Detailed Control Set Information

1. Summary
----------

+----------------------------------------------------------+-------+
|                          Status                          | Count |
+----------------------------------------------------------+-------+
| Total control sets                                       |    16 |
|    Minimum number of control sets                        |    16 |
|    Addition due to synthesis replication                 |     0 |
|    Addition due to physical synthesis replication        |     0 |
| Unused register locations in slices containing registers |    38 |
+----------------------------------------------------------+-------+
* Control sets can be merged at opt_design using control_set_merge or merge_equivalent_drivers
** Run report_qor_suggestions for automated merging and remapping suggestions


2. Histogram
------------

+--------------------+-------+
|       Fanout       | Count |
+--------------------+-------+
| Total control sets |    16 |
| >= 0 to < 4        |     0 |
| >= 4 to < 6        |     4 |
| >= 6 to < 8        |     3 |
| >= 8 to < 10       |     1 |
| >= 10 to < 12      |     0 |
| >= 12 to < 14      |     2 |
| >= 14 to < 16      |     0 |
| >= 16              |     6 |
+--------------------+-------+
* Control sets can be remapped at either synth_design or opt_design


3. Flip-Flop Distribution
-------------------------

+--------------+-----------------------+------------------------+-----------------+--------------+
| Clock Enable | Synchronous Set/Reset | Asynchronous Set/Reset | Total Registers | Total Slices |
+--------------+-----------------------+------------------------+-----------------+--------------+
| No           | No                    | No                     |               4 |            2 |
| No           | No                    | Yes                    |               0 |            0 |
| No           | Yes                   | No                     |               6 |            3 |
| Yes          | No                    | No                     |               0 |            0 |
| Yes          | No                    | Yes                    |               0 |            0 |
| Yes          | Yes                   | No                     |             192 |           57 |
+--------------+-----------------------+------------------------+-----------------+--------------+


4. Detailed Control Set Information
-----------------------------------

+----------------+----------------------------------------------------+--------------------------+------------------+----------------+--------------+
|  Clock Signal  |                    Enable Signal                   |     Set/Reset Signal     | Slice Load Count | Bel Load Count | Bels / Slice |
+----------------+----------------------------------------------------+--------------------------+------------------+----------------+--------------+
|  clk_IBUF_BUFG |                                                    |                          |                2 |              4 |         2.00 |
|  clk_IBUF_BUFG | u_dot_product/u_mac/E[0]                           | u_dot_product/SR[0]      |                2 |              5 |         2.50 |
|  clk_IBUF_BUFG | u_dot_product/input_count_0[0]                     | u_dot_product/SR[0]      |                1 |              5 |         5.00 |
|  clk_IBUF_BUFG | u_dot_product/length_reg_2[0]                      | u_dot_product/SR[0]      |                1 |              5 |         5.00 |
|  clk_IBUF_BUFG |                                                    | u_dot_product/SR[0]      |                3 |              6 |         2.00 |
|  clk_IBUF_BUFG | a_load_count[6]_i_1_n_0                            | u_dot_product/SR[0]      |                3 |              7 |         2.33 |
|  clk_IBUF_BUFG | b_load_count[6]_i_1_n_0                            | u_dot_product/SR[0]      |                2 |              7 |         3.50 |
|  clk_IBUF_BUFG | row_index[2]_i_1_n_0                               | u_dot_product/SR[0]      |                4 |              9 |         2.25 |
|  clk_IBUF_BUFG | p_0_in                                             |                          |                3 |             12 |         4.00 |
|  clk_IBUF_BUFG | p_0_in__0                                          |                          |                3 |             12 |         4.00 |
|  clk_IBUF_BUFG | u_dot_product/u_mac/product_s1_0[0]                | u_dot_product/u_mac/RSTM |                5 |             16 |         3.20 |
|  clk_IBUF_BUFG | u_dot_product/E[0]                                 | u_dot_product/SR[0]      |                7 |             17 |         2.43 |
|  clk_IBUF_BUFG | m_reg                                              | u_dot_product/SR[0]      |                7 |             25 |         3.57 |
|  clk_IBUF_BUFG | u_dot_product/u_mac/FSM_sequential_state_reg[1][0] | u_dot_product/SR[0]      |                7 |             32 |         4.57 |
|  clk_IBUF_BUFG | u_dot_product/FSM_sequential_state_reg[1]_2[0]     | u_dot_product/SR[0]      |               10 |             32 |         3.20 |
|  clk_IBUF_BUFG | u_dot_product/u_mac/acc_out[0]_i_1_n_0             | u_dot_product/u_mac/RSTM |                8 |             32 |         4.00 |
+----------------+----------------------------------------------------+--------------------------+------------------+----------------+--------------+


